// Jest Snapshot v1, https://goo.gl/fbAQLP

exports[`Footer Component Should pass snapshot test 1`] = `"<div class=\\"Footer\\" data-test=\\"footer\\"><span> Copyright Â© 2019 </span></div>"`;
