// Jest Snapshot v1, https://goo.gl/fbAQLP

exports[`Show Banner Component Should pass snapshot test 1`] = `"<img data-test=\\"banner\\" src=\\"no_banner.png\\"/>"`;
