// Jest Snapshot v1, https://goo.gl/fbAQLP

exports[`Show Header Component Renders with props Should pass snapshot test 1`] = `"<div class=\\"ShowHeader\\" data-test=\\"showheader\\"><h1> Arrow </h1><ul class=\\"tags\\"><div><li><span class=\\"tag\\">test</span></li></div></ul><div><span style=\\"display:inline-block;direction:ltr\\"><span style=\\"cursor:inherit;display:inline-block;position:relative\\"><span class=\\"far fa-star\\"></span><span style=\\"display:inline-block;position:absolute;overflow:hidden;top:0;left:0;width:100%\\"><span class=\\"fas fa-star\\"></span></span></span><span style=\\"cursor:inherit;display:inline-block;position:relative\\"><span class=\\"far fa-star\\"></span><span style=\\"display:inline-block;position:absolute;overflow:hidden;top:0;left:0;width:100%\\"><span class=\\"fas fa-star\\"></span></span></span><span style=\\"cursor:inherit;display:inline-block;position:relative\\"><span class=\\"far fa-star\\"></span><span style=\\"display:inline-block;position:absolute;overflow:hidden;top:0;left:0;width:100%\\"><span class=\\"fas fa-star\\"></span></span></span><span style=\\"cursor:inherit;display:inline-block;position:relative\\"><span class=\\"far fa-star\\"></span><span style=\\"display:inline-block;position:absolute;overflow:hidden;top:0;left:0;width:100%\\"><span class=\\"fas fa-star\\"></span></span></span><span style=\\"cursor:inherit;display:inline-block;position:relative\\"><span class=\\"far fa-star\\"></span><span style=\\"display:inline-block;position:absolute;overflow:hidden;top:0;left:0;width:100%\\"><span class=\\"fas fa-star\\"></span></span></span><span style=\\"cursor:inherit;display:inline-block;position:relative\\"><span class=\\"far fa-star\\"></span><span style=\\"display:inline-block;position:absolute;overflow:hidden;top:0;left:0;width:100%\\"><span class=\\"fas fa-star\\"></span></span></span><span style=\\"cursor:inherit;display:inline-block;position:relative\\"><span class=\\"far fa-star\\"></span><span style=\\"display:inline-block;position:absolute;overflow:hidden;top:0;left:0;width:100%\\"><span class=\\"fas fa-star\\"></span></span></span><span style=\\"cursor:inherit;display:inline-block;position:relative\\"><span class=\\"far fa-star\\"></span><span style=\\"display:inline-block;position:absolute;overflow:hidden;top:0;left:0;width:100%\\"><span class=\\"fas fa-star\\"></span></span></span><span style=\\"cursor:inherit;display:inline-block;position:relative\\"><span class=\\"far fa-star\\"></span><span style=\\"display:inline-block;position:absolute;overflow:hidden;top:0;left:0;width:30.00000000000007%\\"><span class=\\"fas fa-star\\"></span></span></span><span style=\\"cursor:inherit;display:inline-block;position:relative\\"><span class=\\"far fa-star\\"></span><span style=\\"display:inline-block;position:absolute;overflow:hidden;top:0;left:0;width:0%\\"><span class=\\"fas fa-star\\"></span></span></span></span> <span style=\\"display:block\\">Lorem Ipsum</span></div></div>"`;
