// Jest Snapshot v1, https://goo.gl/fbAQLP

exports[`Show Overview Component Renders with props Should pass snapshot test 1`] = `"<div class=\\"ShowOverview\\" data-test=\\"showoverview\\"><p> Lorem Ipsum </p></div>"`;
