// Jest Snapshot v1, https://goo.gl/fbAQLP

exports[`ShowPoster Component Should pass snapshot test 1`] = `"<div class=\\"ShowPoster\\" data-test=\\"poster\\"><img src=\\"no_poster.png\\"/></div>"`;
